[     570ms] [INFO] %cDownload the React DevTools for a better development experience: https://react.dev/link/react-devtools font-weight:bold @ http://[::1]:5173/node_modules/.vite/deps/@inertiajs_react.js?v=fa28684d:20864
[     717ms] Error: Hydration failed because the server rendered text didn't match the client. As a result this tree will be regenerated on the client. This can happen if a SSR-ed Client Component used:

- A server/client branch `if (typeof window !== 'undefined')`.
- Variable input such as `Date.now()` or `Math.random()` which changes each time it's called.
- Date formatting in a user's locale which doesn't match the server.
- External changing data without sending a snapshot of it along with the HTML.
- Invalid HTML tag nesting.

It can also happen if the client has a browser extension installed which messes with the HTML before React loaded.

https://react.dev/link/hydration-mismatch

  ...
    <main className="mx-auto fl...">
      <Index errors={{}} name="SingkatSaja" app_url="http://sin..." auth={{...}} sidebarOpen={true} ...>
        <DashboardContainer title="My Links" description="Manage, mo..." className="relative z-10" actions={<Button>}>
          <PageContainer className="flex flex-...">
            <div className="mx-auto w-...">
              <div>
              <div className="w-full">
                <Head>
                <div className="flex flex-...">
                  <div>
                  <div className="glass-pane...">
                    <div className="p-1">
                      <div className="hidden lg:...">
                        <table className="w-full min...">
                          <thead>
                          <tbody className="divide-y d...">
                            <tr className="group tran...">
                              <td>
                              <td>
                              <td>
                              <td>
                              <td className="px-8 py-5 ...">
                                <div className="flex items...">
                                  <Clock>
+                                 7/12/2026
-                                 12/07/2026
                              ...
                      ...
                ...

    at throwOnHydrationMismatch (http://[::1]:5173/node_modules/.vite/deps/@inertiajs_react.js?v=fa28684d:9495:51)
    at completeWork (http://[::1]:5173/node_modules/.vite/deps/@inertiajs_react.js?v=fa28684d:12948:19)
    at runWithFiberInDEV (http://[::1]:5173/node_modules/.vite/deps/@inertiajs_react.js?v=fa28684d:7378:66)
    at completeUnitOfWork (http://[::1]:5173/node_modules/.vite/deps/@inertiajs_react.js?v=fa28684d:15019:15)
    at performUnitOfWork (http://[::1]:5173/node_modules/.vite/deps/@inertiajs_react.js?v=fa28684d:14958:23)
    at workLoopSync (http://[::1]:5173/node_modules/.vite/deps/@inertiajs_react.js?v=fa28684d:14852:37)
    at renderRootSync (http://[::1]:5173/node_modules/.vite/deps/@inertiajs_react.js?v=fa28684d:14836:6)
    at performWorkOnRoot (http://[::1]:5173/node_modules/.vite/deps/@inertiajs_react.js?v=fa28684d:14484:181)
    at performWorkOnRootViaSchedulerTask (http://[::1]:5173/node_modules/.vite/deps/@inertiajs_react.js?v=fa28684d:15586:4)
    at MessagePort.performWorkUntilDeadline (http://[::1]:5173/node_modules/.vite/deps/@inertiajs_react.js?v=fa28684d:6563:38)
